
*** Running vivado
    with args -log top_system.vdi -applog -m64 -product Vivado -messageDb vivado.pb -mode batch -source top_system.tcl -notrace


****** Vivado v2018.3 (64-bit)
  **** SW Build 2405991 on Thu Dec  6 23:38:27 MST 2018
  **** IP Build 2404404 on Fri Dec  7 01:43:56 MST 2018
    ** Copyright 1986-2018 Xilinx, Inc. All Rights Reserved.

source top_system.tcl -notrace
Command: open_checkpoint C:/Users/ukero/OneDrive/Pulpit/2s1sem/moje/SDUP/fpga_project/oscillator/oscillator.runs/impl_1/top_system.dcp

Starting open_checkpoint Task

Time (s): cpu = 00:00:00 ; elapsed = 00:00:00.025 . Memory (MB): peak = 249.801 ; gain = 0.000
INFO: [Netlist 29-17] Analyzing 7 Unisim elements for replacement
INFO: [Netlist 29-28] Unisim Transformation completed in 0 CPU seconds
INFO: [Project 1-479] Netlist was created with Vivado 2018.3
INFO: [Device 21-403] Loading part xc7z020clg484-1
INFO: [Project 1-570] Preparing netlist for logic optimization
INFO: [Timing 38-478] Restoring timing data from binary archive.
INFO: [Timing 38-479] Binary timing data restore complete.
INFO: [Project 1-856] Restoring constraints from binary archive.
INFO: [Project 1-853] Binary constraint restore complete.
Reading XDEF placement.
Reading placer database...
Reading XDEF routing.
Read XDEF File: Time (s): cpu = 00:00:01 ; elapsed = 00:00:00.087 . Memory (MB): peak = 1086.836 ; gain = 0.000
Restored from archive | CPU: 1.000000 secs | Memory: 0.000000 MB |
Finished XDEF File Restore: Time (s): cpu = 00:00:01 ; elapsed = 00:00:00.087 . Memory (MB): peak = 1086.836 ; gain = 0.000
Netlist sorting complete. Time (s): cpu = 00:00:00 ; elapsed = 00:00:00 . Memory (MB): peak = 1086.836 ; gain = 0.000
INFO: [Project 1-111] Unisim Transformation Summary:
No Unisim elements were transformed.

INFO: [Project 1-604] Checkpoint was created with Vivado v2018.3 (64-bit) build 2405991
open_checkpoint: Time (s): cpu = 00:00:11 ; elapsed = 00:00:13 . Memory (MB): peak = 1086.836 ; gain = 837.035
Command: opt_design
Attempting to get a license for feature 'Implementation' and/or device 'xc7z020'
INFO: [Common 17-349] Got license for feature 'Implementation' and/or device 'xc7z020'
Running DRC as a precondition to command opt_design

Starting DRC Task
INFO: [DRC 23-27] Running DRC with 2 threads
INFO: [Project 1-461] DRC finished with 0 Errors
INFO: [Project 1-462] Please refer to the DRC report (report_drc) for more information.

Time (s): cpu = 00:00:00 ; elapsed = 00:00:00.486 . Memory (MB): peak = 1087.211 ; gain = 0.375

Starting Cache Timing Information Task
INFO: [Timing 38-35] Done setting XDC timing constraints.
Ending Cache Timing Information Task | Checksum: 114d2d8d7

Time (s): cpu = 00:00:00 ; elapsed = 00:00:00.051 . Memory (MB): peak = 1147.191 ; gain = 59.980

Starting Logic Optimization Task

Phase 1 Retarget
INFO: [Opt 31-138] Pushed 0 inverter(s) to 0 load pin(s).
INFO: [Opt 31-49] Retargeted 0 cell(s).
Phase 1 Retarget | Checksum: 114d2d8d7

Time (s): cpu = 00:00:00 ; elapsed = 00:00:00.073 . Memory (MB): peak = 1231.324 ; gain = 0.000
INFO: [Opt 31-389] Phase Retarget created 0 cells and removed 0 cells

Phase 2 Constant propagation
INFO: [Opt 31-138] Pushed 0 inverter(s) to 0 load pin(s).
Phase 2 Constant propagation | Checksum: 114d2d8d7

Time (s): cpu = 00:00:00 ; elapsed = 00:00:00.077 . Memory (MB): peak = 1231.324 ; gain = 0.000
INFO: [Opt 31-389] Phase Constant propagation created 0 cells and removed 0 cells

Phase 3 Sweep
Phase 3 Sweep | Checksum: 19d0b2400

Time (s): cpu = 00:00:00 ; elapsed = 00:00:00.089 . Memory (MB): peak = 1231.324 ; gain = 0.000
INFO: [Opt 31-389] Phase Sweep created 0 cells and removed 0 cells

Phase 4 BUFG optimization
Phase 4 BUFG optimization | Checksum: 19d0b2400

Time (s): cpu = 00:00:00 ; elapsed = 00:00:00.094 . Memory (MB): peak = 1231.324 ; gain = 0.000
INFO: [Opt 31-662] Phase BUFG optimization created 0 cells of which 0 are BUFGs and removed 0 cells.

Phase 5 Shift Register Optimization
Phase 5 Shift Register Optimization | Checksum: 20512e0c7

Time (s): cpu = 00:00:00 ; elapsed = 00:00:00.113 . Memory (MB): peak = 1231.324 ; gain = 0.000
INFO: [Opt 31-389] Phase Shift Register Optimization created 0 cells and removed 0 cells

Phase 6 Post Processing Netlist
Phase 6 Post Processing Netlist | Checksum: 20512e0c7

Time (s): cpu = 00:00:00 ; elapsed = 00:00:00.114 . Memory (MB): peak = 1231.324 ; gain = 0.000
INFO: [Opt 31-389] Phase Post Processing Netlist created 0 cells and removed 0 cells
Opt_design Change Summary
=========================


-------------------------------------------------------------------------------------------------------------------------
|  Phase                        |  #Cells created  |  #Cells Removed  |  #Constrained objects preventing optimizations  |
-------------------------------------------------------------------------------------------------------------------------
|  Retarget                     |               0  |               0  |                                              0  |
|  Constant propagation         |               0  |               0  |                                              0  |
|  Sweep                        |               0  |               0  |                                              0  |
|  BUFG optimization            |               0  |               0  |                                              0  |
|  Shift Register Optimization  |               0  |               0  |                                              0  |
|  Post Processing Netlist      |               0  |               0  |                                              0  |
-------------------------------------------------------------------------------------------------------------------------



Starting Connectivity Check Task

Time (s): cpu = 00:00:00 ; elapsed = 00:00:00.001 . Memory (MB): peak = 1231.324 ; gain = 0.000
Ending Logic Optimization Task | Checksum: 20512e0c7

Time (s): cpu = 00:00:00 ; elapsed = 00:00:00.116 . Memory (MB): peak = 1231.324 ; gain = 0.000

Starting Power Optimization Task
INFO: [Pwropt 34-132] Skipping clock gating for clocks with a period < 2.00 ns.
Ending Power Optimization Task | Checksum: 20512e0c7

Time (s): cpu = 00:00:00 ; elapsed = 00:00:00.015 . Memory (MB): peak = 1231.324 ; gain = 0.000

Starting Final Cleanup Task
Ending Final Cleanup Task | Checksum: 20512e0c7

Time (s): cpu = 00:00:00 ; elapsed = 00:00:00 . Memory (MB): peak = 1231.324 ; gain = 0.000

Starting Netlist Obfuscation Task
Netlist sorting complete. Time (s): cpu = 00:00:00 ; elapsed = 00:00:00 . Memory (MB): peak = 1231.324 ; gain = 0.000
Ending Netlist Obfuscation Task | Checksum: 20512e0c7

Time (s): cpu = 00:00:00 ; elapsed = 00:00:00 . Memory (MB): peak = 1231.324 ; gain = 0.000
INFO: [Common 17-83] Releasing license: Implementation
27 Infos, 0 Warnings, 0 Critical Warnings and 0 Errors encountered.
opt_design completed successfully
Netlist sorting complete. Time (s): cpu = 00:00:00 ; elapsed = 00:00:00 . Memory (MB): peak = 1231.324 ; gain = 0.000
INFO: [Timing 38-480] Writing timing data to binary archive.
Writing placer database...
Writing XDEF routing.
Writing XDEF routing logical nets.
Writing XDEF routing special nets.
Write XDEF Complete: Time (s): cpu = 00:00:00 ; elapsed = 00:00:00.031 . Memory (MB): peak = 1231.324 ; gain = 0.000
Netlist sorting complete. Time (s): cpu = 00:00:00 ; elapsed = 00:00:00 . Memory (MB): peak = 1231.324 ; gain = 0.000
INFO: [Common 17-1381] The checkpoint 'C:/Users/ukero/OneDrive/Pulpit/2s1sem/moje/SDUP/fpga_project/oscillator/oscillator.runs/impl_1/top_system_opt.dcp' has been generated.
INFO: [runtcl-4] Executing : report_drc -file top_system_drc_opted.rpt -pb top_system_drc_opted.pb -rpx top_system_drc_opted.rpx
Command: report_drc -file top_system_drc_opted.rpt -pb top_system_drc_opted.pb -rpx top_system_drc_opted.rpx
INFO: [IP_Flow 19-234] Refreshing IP repositories
INFO: [IP_Flow 19-1704] No user IP repositories specified
INFO: [IP_Flow 19-2313] Loaded Vivado IP repository 'C:/Xilinx_Vivado_SDK_2018.3_1207_2324/Vivado/2018.3/data/ip'.
INFO: [DRC 23-27] Running DRC with 2 threads
INFO: [Coretcl 2-168] The results of DRC are in file C:/Users/ukero/OneDrive/Pulpit/2s1sem/moje/SDUP/fpga_project/oscillator/oscillator.runs/impl_1/top_system_drc_opted.rpt.
report_drc completed successfully
Command: place_design
Attempting to get a license for feature 'Implementation' and/or device 'xc7z020'
INFO: [Common 17-349] Got license for feature 'Implementation' and/or device 'xc7z020'
INFO: [DRC 23-27] Running DRC with 2 threads
INFO: [Vivado_Tcl 4-198] DRC finished with 0 Errors
INFO: [Vivado_Tcl 4-199] Please refer to the DRC report (report_drc) for more information.
Running DRC as a precondition to command place_design
INFO: [DRC 23-27] Running DRC with 2 threads
INFO: [Vivado_Tcl 4-198] DRC finished with 0 Errors
INFO: [Vivado_Tcl 4-199] Please refer to the DRC report (report_drc) for more information.

Starting Placer Task
INFO: [Place 30-611] Multithreading enabled for place_design using a maximum of 2 CPUs

Phase 1 Placer Initialization

Phase 1.1 Placer Initialization Netlist Sorting
Netlist sorting complete. Time (s): cpu = 00:00:00 ; elapsed = 00:00:00.001 . Memory (MB): peak = 1231.324 ; gain = 0.000
Phase 1.1 Placer Initialization Netlist Sorting | Checksum: 169a72c1b

Time (s): cpu = 00:00:00 ; elapsed = 00:00:00.016 . Memory (MB): peak = 1231.324 ; gain = 0.000
Netlist sorting complete. Time (s): cpu = 00:00:00 ; elapsed = 00:00:00 . Memory (MB): peak = 1231.324 ; gain = 0.000

Phase 1.2 IO Placement/ Clock Placement/ Build Placer Device
INFO: [Timing 38-35] Done setting XDC timing constraints.
Phase 1.2 IO Placement/ Clock Placement/ Build Placer Device | Checksum: a73d0296

Time (s): cpu = 00:00:01 ; elapsed = 00:00:00.393 . Memory (MB): peak = 1250.863 ; gain = 19.539

Phase 1.3 Build Placer Netlist Model
Phase 1.3 Build Placer Netlist Model | Checksum: 1a342205f

Time (s): cpu = 00:00:01 ; elapsed = 00:00:00.473 . Memory (MB): peak = 1258.527 ; gain = 27.203

Phase 1.4 Constrain Clocks/Macros
Phase 1.4 Constrain Clocks/Macros | Checksum: 1a342205f

Time (s): cpu = 00:00:01 ; elapsed = 00:00:00.475 . Memory (MB): peak = 1258.527 ; gain = 27.203
Phase 1 Placer Initialization | Checksum: 1a342205f

Time (s): cpu = 00:00:01 ; elapsed = 00:00:00.479 . Memory (MB): peak = 1258.527 ; gain = 27.203

Phase 2 Global Placement

Phase 2.1 Floorplanning
Phase 2.1 Floorplanning | Checksum: 1a342205f

Time (s): cpu = 00:00:01 ; elapsed = 00:00:00.487 . Memory (MB): peak = 1258.527 ; gain = 27.203
WARNING: [Place 46-29] place_design is not in timing mode. Skip physical synthesis in placer
Phase 2 Global Placement | Checksum: 1686e90d6

Time (s): cpu = 00:00:01 ; elapsed = 00:00:00.696 . Memory (MB): peak = 1258.527 ; gain = 27.203

Phase 3 Detail Placement

Phase 3.1 Commit Multi Column Macros
Phase 3.1 Commit Multi Column Macros | Checksum: 1686e90d6

Time (s): cpu = 00:00:01 ; elapsed = 00:00:00.698 . Memory (MB): peak = 1258.527 ; gain = 27.203

Phase 3.2 Commit Most Macros & LUTRAMs
Phase 3.2 Commit Most Macros & LUTRAMs | Checksum: 15b2a4563

Time (s): cpu = 00:00:01 ; elapsed = 00:00:00.705 . Memory (MB): peak = 1258.527 ; gain = 27.203

Phase 3.3 Area Swap Optimization
Phase 3.3 Area Swap Optimization | Checksum: 15b2a4563

Time (s): cpu = 00:00:01 ; elapsed = 00:00:00.711 . Memory (MB): peak = 1258.527 ; gain = 27.203

Phase 3.4 Pipeline Register Optimization
Phase 3.4 Pipeline Register Optimization | Checksum: 15b2a4563

Time (s): cpu = 00:00:01 ; elapsed = 00:00:00.712 . Memory (MB): peak = 1258.527 ; gain = 27.203

Phase 3.5 Small Shape Detail Placement
Phase 3.5 Small Shape Detail Placement | Checksum: 15b2a4563

Time (s): cpu = 00:00:01 ; elapsed = 00:00:00.753 . Memory (MB): peak = 1258.527 ; gain = 27.203

Phase 3.6 Re-assign LUT pins
Phase 3.6 Re-assign LUT pins | Checksum: 15b2a4563

Time (s): cpu = 00:00:01 ; elapsed = 00:00:00.754 . Memory (MB): peak = 1258.527 ; gain = 27.203

Phase 3.7 Pipeline Register Optimization
Phase 3.7 Pipeline Register Optimization | Checksum: 15b2a4563

Time (s): cpu = 00:00:01 ; elapsed = 00:00:00.755 . Memory (MB): peak = 1258.527 ; gain = 27.203
Phase 3 Detail Placement | Checksum: 15b2a4563

Time (s): cpu = 00:00:01 ; elapsed = 00:00:00.755 . Memory (MB): peak = 1258.527 ; gain = 27.203

Phase 4 Post Placement Optimization and Clean-Up

Phase 4.1 Post Commit Optimization
Phase 4.1 Post Commit Optimization | Checksum: 15b2a4563

Time (s): cpu = 00:00:01 ; elapsed = 00:00:00.757 . Memory (MB): peak = 1258.527 ; gain = 27.203

Phase 4.2 Post Placement Cleanup
Phase 4.2 Post Placement Cleanup | Checksum: 15b2a4563

Time (s): cpu = 00:00:01 ; elapsed = 00:00:00.763 . Memory (MB): peak = 1258.527 ; gain = 27.203

Phase 4.3 Placer Reporting
Phase 4.3 Placer Reporting | Checksum: 15b2a4563

Time (s): cpu = 00:00:01 ; elapsed = 00:00:00.764 . Memory (MB): peak = 1258.527 ; gain = 27.203

Phase 4.4 Final Placement Cleanup
Netlist sorting complete. Time (s): cpu = 00:00:00 ; elapsed = 00:00:00 . Memory (MB): peak = 1258.527 ; gain = 0.000
Phase 4.4 Final Placement Cleanup | Checksum: 15b2a4563

Time (s): cpu = 00:00:01 ; elapsed = 00:00:00.765 . Memory (MB): peak = 1258.527 ; gain = 27.203
Phase 4 Post Placement Optimization and Clean-Up | Checksum: 15b2a4563

Time (s): cpu = 00:00:01 ; elapsed = 00:00:00.765 . Memory (MB): peak = 1258.527 ; gain = 27.203
Ending Placer Task | Checksum: 159e87622

Time (s): cpu = 00:00:01 ; elapsed = 00:00:00.771 . Memory (MB): peak = 1258.527 ; gain = 27.203
INFO: [Common 17-83] Releasing license: Implementation
45 Infos, 1 Warnings, 0 Critical Warnings and 0 Errors encountered.
place_design completed successfully
Netlist sorting complete. Time (s): cpu = 00:00:00 ; elapsed = 00:00:00 . Memory (MB): peak = 1258.527 ; gain = 0.000
INFO: [Timing 38-480] Writing timing data to binary archive.
Writing placer database...
Writing XDEF routing.
Writing XDEF routing logical nets.
Writing XDEF routing special nets.
Write XDEF Complete: Time (s): cpu = 00:00:00 ; elapsed = 00:00:00.033 . Memory (MB): peak = 1258.527 ; gain = 0.000
Netlist sorting complete. Time (s): cpu = 00:00:00 ; elapsed = 00:00:00.001 . Memory (MB): peak = 1258.527 ; gain = 0.000
INFO: [Common 17-1381] The checkpoint 'C:/Users/ukero/OneDrive/Pulpit/2s1sem/moje/SDUP/fpga_project/oscillator/oscillator.runs/impl_1/top_system_placed.dcp' has been generated.
INFO: [runtcl-4] Executing : report_io -file top_system_io_placed.rpt
report_io: Time (s): cpu = 00:00:00 ; elapsed = 00:00:00.046 . Memory (MB): peak = 1258.527 ; gain = 0.000
INFO: [runtcl-4] Executing : report_utilization -file top_system_utilization_placed.rpt -pb top_system_utilization_placed.pb
INFO: [runtcl-4] Executing : report_control_sets -verbose -file top_system_control_sets_placed.rpt
report_control_sets: Time (s): cpu = 00:00:00 ; elapsed = 00:00:00.001 . Memory (MB): peak = 1258.527 ; gain = 0.000
Command: route_design
Attempting to get a license for feature 'Implementation' and/or device 'xc7z020'
INFO: [Common 17-349] Got license for feature 'Implementation' and/or device 'xc7z020'
Running DRC as a precondition to command route_design
INFO: [DRC 23-27] Running DRC with 2 threads
INFO: [Vivado_Tcl 4-198] DRC finished with 0 Errors
INFO: [Vivado_Tcl 4-199] Please refer to the DRC report (report_drc) for more information.


Starting Routing Task
INFO: [Route 35-254] Multithreading enabled for route_design using a maximum of 2 CPUs
Checksum: PlaceDB: e81f9138 ConstDB: 0 ShapeSum: 71c8e4ea RouteDB: 0

Phase 1 Build RT Design
Phase 1 Build RT Design | Checksum: f3320ad8

Time (s): cpu = 00:00:21 ; elapsed = 00:00:19 . Memory (MB): peak = 1361.602 ; gain = 103.074
Post Restoration Checksum: NetGraph: 9b85aa91 NumContArr: 57ac6047 Constraints: 0 Timing: 0

Phase 2 Router Initialization

Phase 2.1 Create Timer
INFO: [Timing 38-35] Done setting XDC timing constraints.
Phase 2.1 Create Timer | Checksum: f3320ad8

Time (s): cpu = 00:00:21 ; elapsed = 00:00:19 . Memory (MB): peak = 1422.488 ; gain = 163.961

Phase 2.2 Fix Topology Constraints
Phase 2.2 Fix Topology Constraints | Checksum: f3320ad8

Time (s): cpu = 00:00:21 ; elapsed = 00:00:19 . Memory (MB): peak = 1430.180 ; gain = 171.652

Phase 2.3 Pre Route Cleanup
Phase 2.3 Pre Route Cleanup | Checksum: f3320ad8

Time (s): cpu = 00:00:21 ; elapsed = 00:00:19 . Memory (MB): peak = 1430.180 ; gain = 171.652
 Number of Nodes with overlaps = 0

Phase 2.4 Update Timing
Phase 2.4 Update Timing | Checksum: 1ccc87bda

Time (s): cpu = 00:00:21 ; elapsed = 00:00:19 . Memory (MB): peak = 1439.555 ; gain = 181.027
INFO: [Route 35-416] Intermediate Timing Summary | WNS=7.580  | TNS=0.000  | WHS=-0.019 | THS=-0.211 |

Phase 2 Router Initialization | Checksum: 1a5c40181

Time (s): cpu = 00:00:21 ; elapsed = 00:00:19 . Memory (MB): peak = 1439.555 ; gain = 181.027

Phase 3 Initial Routing
Phase 3 Initial Routing | Checksum: 149f8edaf

Time (s): cpu = 00:00:22 ; elapsed = 00:00:19 . Memory (MB): peak = 1441.867 ; gain = 183.340

Phase 4 Rip-up And Reroute

Phase 4.1 Global Iteration 0
 Number of Nodes with overlaps = 0
INFO: [Route 35-416] Intermediate Timing Summary | WNS=7.442  | TNS=0.000  | WHS=N/A    | THS=N/A    |

Phase 4.1 Global Iteration 0 | Checksum: 191cd61e7

Time (s): cpu = 00:00:22 ; elapsed = 00:00:19 . Memory (MB): peak = 1441.867 ; gain = 183.340
Phase 4 Rip-up And Reroute | Checksum: 191cd61e7

Time (s): cpu = 00:00:22 ; elapsed = 00:00:19 . Memory (MB): peak = 1441.867 ; gain = 183.340

Phase 5 Delay and Skew Optimization

Phase 5.1 Delay CleanUp
Phase 5.1 Delay CleanUp | Checksum: 191cd61e7

Time (s): cpu = 00:00:22 ; elapsed = 00:00:19 . Memory (MB): peak = 1441.867 ; gain = 183.340

Phase 5.2 Clock Skew Optimization
Phase 5.2 Clock Skew Optimization | Checksum: 191cd61e7

Time (s): cpu = 00:00:22 ; elapsed = 00:00:19 . Memory (MB): peak = 1441.867 ; gain = 183.340
Phase 5 Delay and Skew Optimization | Checksum: 191cd61e7

Time (s): cpu = 00:00:22 ; elapsed = 00:00:19 . Memory (MB): peak = 1441.867 ; gain = 183.340

Phase 6 Post Hold Fix

Phase 6.1 Hold Fix Iter

Phase 6.1.1 Update Timing
Phase 6.1.1 Update Timing | Checksum: 1cd8bedf3

Time (s): cpu = 00:00:22 ; elapsed = 00:00:19 . Memory (MB): peak = 1441.867 ; gain = 183.340
INFO: [Route 35-416] Intermediate Timing Summary | WNS=7.597  | TNS=0.000  | WHS=0.236  | THS=0.000  |

Phase 6.1 Hold Fix Iter | Checksum: 1cd8bedf3

Time (s): cpu = 00:00:22 ; elapsed = 00:00:19 . Memory (MB): peak = 1441.867 ; gain = 183.340
Phase 6 Post Hold Fix | Checksum: 1cd8bedf3

Time (s): cpu = 00:00:22 ; elapsed = 00:00:19 . Memory (MB): peak = 1441.867 ; gain = 183.340

Phase 7 Route finalize

Router Utilization Summary
  Global Vertical Routing Utilization    = 0.0070933 %
  Global Horizontal Routing Utilization  = 0.000845166 %
  Routable Net Status*
  *Does not include unroutable nets such as driverless and loadless.
  Run report_route_status for detailed report.
  Number of Failed Nets               = 0
  Number of Unrouted Nets             = 0
  Number of Partially Routed Nets     = 0
  Number of Node Overlaps             = 0

Phase 7 Route finalize | Checksum: 1cd8bedf3

Time (s): cpu = 00:00:22 ; elapsed = 00:00:19 . Memory (MB): peak = 1441.867 ; gain = 183.340

Phase 8 Verifying routed nets

 Verification completed successfully
Phase 8 Verifying routed nets | Checksum: 1cd8bedf3

Time (s): cpu = 00:00:22 ; elapsed = 00:00:19 . Memory (MB): peak = 1443.938 ; gain = 185.410

Phase 9 Depositing Routes
Phase 9 Depositing Routes | Checksum: 1ac51007b

Time (s): cpu = 00:00:22 ; elapsed = 00:00:19 . Memory (MB): peak = 1443.938 ; gain = 185.410

Phase 10 Post Router Timing
INFO: [Route 35-57] Estimated Timing Summary | WNS=7.597  | TNS=0.000  | WHS=0.236  | THS=0.000  |

INFO: [Route 35-327] The final timing numbers are based on the router estimated timing analysis. For a complete and accurate timing signoff, please run report_timing_summary.
Phase 10 Post Router Timing | Checksum: 1ac51007b

Time (s): cpu = 00:00:22 ; elapsed = 00:00:19 . Memory (MB): peak = 1443.938 ; gain = 185.410
INFO: [Route 35-16] Router Completed Successfully

Time (s): cpu = 00:00:22 ; elapsed = 00:00:19 . Memory (MB): peak = 1443.938 ; gain = 185.410

Routing Is Done.
INFO: [Common 17-83] Releasing license: Implementation
63 Infos, 1 Warnings, 0 Critical Warnings and 0 Errors encountered.
route_design completed successfully
route_design: Time (s): cpu = 00:00:23 ; elapsed = 00:00:20 . Memory (MB): peak = 1443.938 ; gain = 185.410
Netlist sorting complete. Time (s): cpu = 00:00:00 ; elapsed = 00:00:00 . Memory (MB): peak = 1443.938 ; gain = 0.000
INFO: [Timing 38-480] Writing timing data to binary archive.
Writing placer database...
Writing XDEF routing.
Writing XDEF routing logical nets.
Writing XDEF routing special nets.
Write XDEF Complete: Time (s): cpu = 00:00:00 ; elapsed = 00:00:00.034 . Memory (MB): peak = 1443.938 ; gain = 0.000
Netlist sorting complete. Time (s): cpu = 00:00:00 ; elapsed = 00:00:00 . Memory (MB): peak = 1443.938 ; gain = 0.000
INFO: [Common 17-1381] The checkpoint 'C:/Users/ukero/OneDrive/Pulpit/2s1sem/moje/SDUP/fpga_project/oscillator/oscillator.runs/impl_1/top_system_routed.dcp' has been generated.
INFO: [runtcl-4] Executing : report_drc -file top_system_drc_routed.rpt -pb top_system_drc_routed.pb -rpx top_system_drc_routed.rpx
Command: report_drc -file top_system_drc_routed.rpt -pb top_system_drc_routed.pb -rpx top_system_drc_routed.rpx
INFO: [IP_Flow 19-1839] IP Catalog is up to date.
INFO: [DRC 23-27] Running DRC with 2 threads
INFO: [Coretcl 2-168] The results of DRC are in file C:/Users/ukero/OneDrive/Pulpit/2s1sem/moje/SDUP/fpga_project/oscillator/oscillator.runs/impl_1/top_system_drc_routed.rpt.
report_drc completed successfully
INFO: [runtcl-4] Executing : report_methodology -file top_system_methodology_drc_routed.rpt -pb top_system_methodology_drc_routed.pb -rpx top_system_methodology_drc_routed.rpx
Command: report_methodology -file top_system_methodology_drc_routed.rpt -pb top_system_methodology_drc_routed.pb -rpx top_system_methodology_drc_routed.rpx
INFO: [Timing 38-35] Done setting XDC timing constraints.
INFO: [DRC 23-133] Running Methodology with 2 threads
INFO: [Coretcl 2-1520] The results of Report Methodology are in file C:/Users/ukero/OneDrive/Pulpit/2s1sem/moje/SDUP/fpga_project/oscillator/oscillator.runs/impl_1/top_system_methodology_drc_routed.rpt.
report_methodology completed successfully
INFO: [runtcl-4] Executing : report_power -file top_system_power_routed.rpt -pb top_system_power_summary_routed.pb -rpx top_system_power_routed.rpx
Command: report_power -file top_system_power_routed.rpt -pb top_system_power_summary_routed.pb -rpx top_system_power_routed.rpx
INFO: [Timing 38-35] Done setting XDC timing constraints.
Running Vector-less Activity Propagation...

Finished Running Vector-less Activity Propagation
75 Infos, 1 Warnings, 0 Critical Warnings and 0 Errors encountered.
report_power completed successfully
INFO: [runtcl-4] Executing : report_route_status -file top_system_route_status.rpt -pb top_system_route_status.pb
INFO: [runtcl-4] Executing : report_timing_summary -max_paths 10 -file top_system_timing_summary_routed.rpt -pb top_system_timing_summary_routed.pb -rpx top_system_timing_summary_routed.rpx -warn_on_violation 
INFO: [Timing 38-91] UpdateTimingParams: Speed grade: -1, Delay Type: min_max.
INFO: [Timing 38-191] Multithreading enabled for timing update using a maximum of 2 CPUs
INFO: [runtcl-4] Executing : report_incremental_reuse -file top_system_incremental_reuse_routed.rpt
INFO: [Vivado_Tcl 4-1062] Incremental flow is disabled. No incremental reuse Info to report.
INFO: [runtcl-4] Executing : report_clock_utilization -file top_system_clock_utilization_routed.rpt
INFO: [runtcl-4] Executing : report_bus_skew -warn_on_violation -file top_system_bus_skew_routed.rpt -pb top_system_bus_skew_routed.pb -rpx top_system_bus_skew_routed.rpx
INFO: [Timing 38-91] UpdateTimingParams: Speed grade: -1, Delay Type: min_max.
INFO: [Timing 38-191] Multithreading enabled for timing update using a maximum of 2 CPUs
INFO: [Common 17-206] Exiting Vivado at Tue May 19 13:13:08 2026...
