
*** Running vivado
    with args -log top_system.vds -m64 -product Vivado -mode batch -messageDb vivado.pb -notrace -source top_system.tcl


****** Vivado v2018.3 (64-bit)
  **** SW Build 2405991 on Thu Dec  6 23:38:27 MST 2018
  **** IP Build 2404404 on Fri Dec  7 01:43:56 MST 2018
    ** Copyright 1986-2018 Xilinx, Inc. All Rights Reserved.

source top_system.tcl -notrace
Command: synth_design -top top_system -part xc7z020clg484-1
Starting synth_design
Attempting to get a license for feature 'Synthesis' and/or device 'xc7z020'
INFO: [Common 17-349] Got license for feature 'Synthesis' and/or device 'xc7z020'
INFO: Launching helper process for spawning children vivado processes
INFO: Helper process launched with PID 11120 
---------------------------------------------------------------------------------
Starting RTL Elaboration : Time (s): cpu = 00:00:01 ; elapsed = 00:00:02 . Memory (MB): peak = 362.113 ; gain = 100.746
---------------------------------------------------------------------------------
INFO: [Synth 8-6157] synthesizing module 'top_system' [C:/Users/ukero/OneDrive/Pulpit/2s1sem/moje/SDUP/fpga_project/oscillator/oscillator.srcs/sources_1/new/top_system.v:13]
INFO: [Synth 8-6157] synthesizing module 'sync_baseline' [C:/Users/ukero/OneDrive/Pulpit/2s1sem/moje/SDUP/fpga_project/oscillator/oscillator.srcs/sources_1/new/sync_baseline.v:14]
	Parameter WIDTH bound to: 24 - type: integer 
INFO: [Synth 8-6155] done synthesizing module 'sync_baseline' (1#1) [C:/Users/ukero/OneDrive/Pulpit/2s1sem/moje/SDUP/fpga_project/oscillator/oscillator.srcs/sources_1/new/sync_baseline.v:14]
INFO: [Synth 8-6157] synthesizing module 'async_ro_carry' [C:/Users/ukero/OneDrive/Pulpit/2s1sem/moje/SDUP/fpga_project/oscillator/oscillator.srcs/sources_1/new/async_ro_carry.v:4]
INFO: [Synth 8-6155] done synthesizing module 'async_ro_carry' (2#1) [C:/Users/ukero/OneDrive/Pulpit/2s1sem/moje/SDUP/fpga_project/oscillator/oscillator.srcs/sources_1/new/async_ro_carry.v:4]
INFO: [Synth 8-6157] synthesizing module 'async_ro_loopback' [C:/Users/ukero/OneDrive/Pulpit/2s1sem/moje/SDUP/fpga_project/oscillator/oscillator.srcs/sources_1/new/async_ro_loopback.v:4]
INFO: [Synth 8-6155] done synthesizing module 'async_ro_loopback' (3#1) [C:/Users/ukero/OneDrive/Pulpit/2s1sem/moje/SDUP/fpga_project/oscillator/oscillator.srcs/sources_1/new/async_ro_loopback.v:4]
INFO: [Synth 8-6157] synthesizing module 'freq_counter' [C:/Users/ukero/OneDrive/Pulpit/2s1sem/moje/SDUP/fpga_project/oscillator/oscillator.srcs/sources_1/new/freq_counter.v:3]
INFO: [Synth 8-6155] done synthesizing module 'freq_counter' (4#1) [C:/Users/ukero/OneDrive/Pulpit/2s1sem/moje/SDUP/fpga_project/oscillator/oscillator.srcs/sources_1/new/freq_counter.v:3]
INFO: [Synth 8-6155] done synthesizing module 'top_system' (5#1) [C:/Users/ukero/OneDrive/Pulpit/2s1sem/moje/SDUP/fpga_project/oscillator/oscillator.srcs/sources_1/new/top_system.v:13]
WARNING: [Synth 8-3331] design freq_counter has unconnected port clk
WARNING: [Synth 8-3331] design freq_counter has unconnected port rst_n
WARNING: [Synth 8-3331] design freq_counter has unconnected port osc_in
WARNING: [Synth 8-3331] design async_ro_loopback has unconnected port enable
WARNING: [Synth 8-3331] design async_ro_carry has unconnected port enable
WARNING: [Synth 8-3331] design async_ro_carry has unconnected port tap_select[5]
WARNING: [Synth 8-3331] design async_ro_carry has unconnected port tap_select[4]
WARNING: [Synth 8-3331] design async_ro_carry has unconnected port tap_select[3]
WARNING: [Synth 8-3331] design async_ro_carry has unconnected port tap_select[2]
WARNING: [Synth 8-3331] design async_ro_carry has unconnected port tap_select[1]
WARNING: [Synth 8-3331] design async_ro_carry has unconnected port tap_select[0]
---------------------------------------------------------------------------------
Finished RTL Elaboration : Time (s): cpu = 00:00:02 ; elapsed = 00:00:02 . Memory (MB): peak = 418.090 ; gain = 156.723
---------------------------------------------------------------------------------

Report Check Netlist: 
+------+------------------+-------+---------+-------+------------------+
|      |Item              |Errors |Warnings |Status |Description       |
+------+------------------+-------+---------+-------+------------------+
|1     |multi_driven_nets |      0|        0|Passed |Multi driven nets |
+------+------------------+-------+---------+-------+------------------+
---------------------------------------------------------------------------------
Start Handling Custom Attributes
---------------------------------------------------------------------------------
---------------------------------------------------------------------------------
Finished Handling Custom Attributes : Time (s): cpu = 00:00:02 ; elapsed = 00:00:02 . Memory (MB): peak = 418.090 ; gain = 156.723
---------------------------------------------------------------------------------
---------------------------------------------------------------------------------
Finished RTL Optimization Phase 1 : Time (s): cpu = 00:00:02 ; elapsed = 00:00:02 . Memory (MB): peak = 418.090 ; gain = 156.723
---------------------------------------------------------------------------------
INFO: [Device 21-403] Loading part xc7z020clg484-1
INFO: [Project 1-570] Preparing netlist for logic optimization

Processing XDC Constraints
Initializing timing engine
Parsing XDC File [C:/Users/ukero/OneDrive/Pulpit/2s1sem/moje/SDUP/fpga_project/oscillator/oscillator.srcs/constrs_1/new/zedboard_pins.xdc]
Finished Parsing XDC File [C:/Users/ukero/OneDrive/Pulpit/2s1sem/moje/SDUP/fpga_project/oscillator/oscillator.srcs/constrs_1/new/zedboard_pins.xdc]
INFO: [Project 1-236] Implementation specific constraints were found while reading constraint file [C:/Users/ukero/OneDrive/Pulpit/2s1sem/moje/SDUP/fpga_project/oscillator/oscillator.srcs/constrs_1/new/zedboard_pins.xdc]. These constraints will be ignored for synthesis but will be used in implementation. Impacted constraints are listed in the file [.Xil/top_system_propImpl.xdc].
Resolution: To avoid this warning, move constraints listed in [.Xil/top_system_propImpl.xdc] to another XDC file and exclude this new file from synthesis with the used_in_synthesis property (File Properties dialog in GUI) and re-run elaboration/synthesis.
Netlist sorting complete. Time (s): cpu = 00:00:00 ; elapsed = 00:00:00 . Memory (MB): peak = 773.059 ; gain = 0.000
Completed Processing XDC Constraints

Netlist sorting complete. Time (s): cpu = 00:00:00 ; elapsed = 00:00:00 . Memory (MB): peak = 773.074 ; gain = 0.000
INFO: [Project 1-111] Unisim Transformation Summary:
No Unisim elements were transformed.

Netlist sorting complete. Time (s): cpu = 00:00:00 ; elapsed = 00:00:00 . Memory (MB): peak = 773.074 ; gain = 0.000
Constraint Validation Runtime : Time (s): cpu = 00:00:00 ; elapsed = 00:00:00.002 . Memory (MB): peak = 773.074 ; gain = 0.000
---------------------------------------------------------------------------------
Finished Constraint Validation : Time (s): cpu = 00:00:07 ; elapsed = 00:00:09 . Memory (MB): peak = 773.074 ; gain = 511.707
---------------------------------------------------------------------------------
---------------------------------------------------------------------------------
Start Loading Part and Timing Information
---------------------------------------------------------------------------------
Loading part: xc7z020clg484-1
---------------------------------------------------------------------------------
Finished Loading Part and Timing Information : Time (s): cpu = 00:00:07 ; elapsed = 00:00:09 . Memory (MB): peak = 773.074 ; gain = 511.707
---------------------------------------------------------------------------------
---------------------------------------------------------------------------------
Start Applying 'set_property' XDC Constraints
---------------------------------------------------------------------------------
---------------------------------------------------------------------------------
Finished applying 'set_property' XDC Constraints : Time (s): cpu = 00:00:07 ; elapsed = 00:00:09 . Memory (MB): peak = 773.074 ; gain = 511.707
---------------------------------------------------------------------------------
---------------------------------------------------------------------------------
Finished RTL Optimization Phase 2 : Time (s): cpu = 00:00:07 ; elapsed = 00:00:09 . Memory (MB): peak = 773.074 ; gain = 511.707
---------------------------------------------------------------------------------

Report RTL Partitions: 
+-+--------------+------------+----------+
| |RTL Partition |Replication |Instances |
+-+--------------+------------+----------+
+-+--------------+------------+----------+
---------------------------------------------------------------------------------
Start RTL Component Statistics 
---------------------------------------------------------------------------------
Detailed RTL Component Info : 
+---Muxes : 
	   4 Input      1 Bit        Muxes := 1     
---------------------------------------------------------------------------------
Finished RTL Component Statistics 
---------------------------------------------------------------------------------
---------------------------------------------------------------------------------
Start RTL Hierarchical Component Statistics 
---------------------------------------------------------------------------------
Hierarchical RTL Component report 
Module top_system 
Detailed RTL Component Info : 
+---Muxes : 
	   4 Input      1 Bit        Muxes := 1     
---------------------------------------------------------------------------------
Finished RTL Hierarchical Component Statistics
---------------------------------------------------------------------------------
---------------------------------------------------------------------------------
Start Part Resource Summary
---------------------------------------------------------------------------------
Part Resources:
DSPs: 220 (col length:60)
BRAMs: 280 (col length: RAMB18 60 RAMB36 30)
---------------------------------------------------------------------------------
Finished Part Resource Summary
---------------------------------------------------------------------------------
---------------------------------------------------------------------------------
Start Cross Boundary and Area Optimization
---------------------------------------------------------------------------------
Warning: Parallel synthesis criteria is not met 
WARNING: [Synth 8-3917] design top_system has port pmod_out driven by constant 0
WARNING: [Synth 8-3331] design top_system has unconnected port sw_tap[5]
WARNING: [Synth 8-3331] design top_system has unconnected port sw_tap[4]
WARNING: [Synth 8-3331] design top_system has unconnected port sw_tap[3]
WARNING: [Synth 8-3331] design top_system has unconnected port sw_tap[2]
WARNING: [Synth 8-3331] design top_system has unconnected port sw_tap[1]
WARNING: [Synth 8-3331] design top_system has unconnected port sw_tap[0]
---------------------------------------------------------------------------------
Finished Cross Boundary and Area Optimization : Time (s): cpu = 00:00:08 ; elapsed = 00:00:09 . Memory (MB): peak = 773.074 ; gain = 511.707
---------------------------------------------------------------------------------

Report RTL Partitions: 
+-+--------------+------------+----------+
| |RTL Partition |Replication |Instances |
+-+--------------+------------+----------+
+-+--------------+------------+----------+
---------------------------------------------------------------------------------
Start Applying XDC Timing Constraints
---------------------------------------------------------------------------------
---------------------------------------------------------------------------------
Finished Applying XDC Timing Constraints : Time (s): cpu = 00:00:13 ; elapsed = 00:00:15 . Memory (MB): peak = 773.074 ; gain = 511.707
---------------------------------------------------------------------------------
---------------------------------------------------------------------------------
Start Timing Optimization
---------------------------------------------------------------------------------
---------------------------------------------------------------------------------
Finished Timing Optimization : Time (s): cpu = 00:00:13 ; elapsed = 00:00:15 . Memory (MB): peak = 779.781 ; gain = 518.414
---------------------------------------------------------------------------------

Report RTL Partitions: 
+-+--------------+------------+----------+
| |RTL Partition |Replication |Instances |
+-+--------------+------------+----------+
+-+--------------+------------+----------+
---------------------------------------------------------------------------------
Start Technology Mapping
---------------------------------------------------------------------------------
---------------------------------------------------------------------------------
Finished Technology Mapping : Time (s): cpu = 00:00:13 ; elapsed = 00:00:15 . Memory (MB): peak = 779.781 ; gain = 518.414
---------------------------------------------------------------------------------

Report RTL Partitions: 
+-+--------------+------------+----------+
| |RTL Partition |Replication |Instances |
+-+--------------+------------+----------+
+-+--------------+------------+----------+
---------------------------------------------------------------------------------
Start IO Insertion
---------------------------------------------------------------------------------
---------------------------------------------------------------------------------
Start Flattening Before IO Insertion
---------------------------------------------------------------------------------
---------------------------------------------------------------------------------
Finished Flattening Before IO Insertion
---------------------------------------------------------------------------------
---------------------------------------------------------------------------------
Start Final Netlist Cleanup
---------------------------------------------------------------------------------
---------------------------------------------------------------------------------
Finished Final Netlist Cleanup
---------------------------------------------------------------------------------
---------------------------------------------------------------------------------
Finished IO Insertion : Time (s): cpu = 00:00:13 ; elapsed = 00:00:15 . Memory (MB): peak = 779.781 ; gain = 518.414
---------------------------------------------------------------------------------

Report Check Netlist: 
+------+------------------+-------+---------+-------+------------------+
|      |Item              |Errors |Warnings |Status |Description       |
+------+------------------+-------+---------+-------+------------------+
|1     |multi_driven_nets |      0|        0|Passed |Multi driven nets |
+------+------------------+-------+---------+-------+------------------+
---------------------------------------------------------------------------------
Start Renaming Generated Instances
---------------------------------------------------------------------------------
---------------------------------------------------------------------------------
Finished Renaming Generated Instances : Time (s): cpu = 00:00:13 ; elapsed = 00:00:15 . Memory (MB): peak = 779.781 ; gain = 518.414
---------------------------------------------------------------------------------

Report RTL Partitions: 
+-+--------------+------------+----------+
| |RTL Partition |Replication |Instances |
+-+--------------+------------+----------+
+-+--------------+------------+----------+
---------------------------------------------------------------------------------
Start Rebuilding User Hierarchy
---------------------------------------------------------------------------------
---------------------------------------------------------------------------------
Finished Rebuilding User Hierarchy : Time (s): cpu = 00:00:13 ; elapsed = 00:00:15 . Memory (MB): peak = 779.781 ; gain = 518.414
---------------------------------------------------------------------------------
---------------------------------------------------------------------------------
Start Renaming Generated Ports
---------------------------------------------------------------------------------
---------------------------------------------------------------------------------
Finished Renaming Generated Ports : Time (s): cpu = 00:00:13 ; elapsed = 00:00:15 . Memory (MB): peak = 779.781 ; gain = 518.414
---------------------------------------------------------------------------------
---------------------------------------------------------------------------------
Start Handling Custom Attributes
---------------------------------------------------------------------------------
---------------------------------------------------------------------------------
Finished Handling Custom Attributes : Time (s): cpu = 00:00:13 ; elapsed = 00:00:15 . Memory (MB): peak = 779.781 ; gain = 518.414
---------------------------------------------------------------------------------
---------------------------------------------------------------------------------
Start Renaming Generated Nets
---------------------------------------------------------------------------------
---------------------------------------------------------------------------------
Finished Renaming Generated Nets : Time (s): cpu = 00:00:13 ; elapsed = 00:00:15 . Memory (MB): peak = 779.781 ; gain = 518.414
---------------------------------------------------------------------------------
---------------------------------------------------------------------------------
Start Writing Synthesis Report
---------------------------------------------------------------------------------

Report BlackBoxes: 
+-+--------------+----------+
| |BlackBox name |Instances |
+-+--------------+----------+
+-+--------------+----------+

Report Cell Usage: 
+------+-------+------+
|      |Cell   |Count |
+------+-------+------+
|1     |BUFG   |     1|
|2     |CARRY4 |     7|
|3     |LUT1   |     1|
|4     |FDCE   |    25|
|5     |IBUF   |     4|
|6     |OBUF   |     4|
+------+-------+------+

Report Instance Areas: 
+------+---------+-------+------+
|      |Instance |Module |Cells |
+------+---------+-------+------+
|1     |top      |       |    42|
+------+---------+-------+------+
---------------------------------------------------------------------------------
Finished Writing Synthesis Report : Time (s): cpu = 00:00:13 ; elapsed = 00:00:15 . Memory (MB): peak = 779.781 ; gain = 518.414
---------------------------------------------------------------------------------
Synthesis finished with 0 errors, 0 critical warnings and 7 warnings.
Synthesis Optimization Runtime : Time (s): cpu = 00:00:08 ; elapsed = 00:00:10 . Memory (MB): peak = 779.781 ; gain = 163.430
Synthesis Optimization Complete : Time (s): cpu = 00:00:14 ; elapsed = 00:00:15 . Memory (MB): peak = 779.781 ; gain = 518.414
INFO: [Project 1-571] Translating synthesized netlist
INFO: [Netlist 29-17] Analyzing 7 Unisim elements for replacement
INFO: [Netlist 29-28] Unisim Transformation completed in 0 CPU seconds
INFO: [Project 1-570] Preparing netlist for logic optimization
INFO: [Opt 31-138] Pushed 0 inverter(s) to 0 load pin(s).
Netlist sorting complete. Time (s): cpu = 00:00:00 ; elapsed = 00:00:00 . Memory (MB): peak = 791.812 ; gain = 0.000
INFO: [Project 1-111] Unisim Transformation Summary:
No Unisim elements were transformed.

INFO: [Common 17-83] Releasing license: Synthesis
22 Infos, 18 Warnings, 0 Critical Warnings and 0 Errors encountered.
synth_design completed successfully
synth_design: Time (s): cpu = 00:00:15 ; elapsed = 00:00:17 . Memory (MB): peak = 791.812 ; gain = 543.719
Netlist sorting complete. Time (s): cpu = 00:00:00 ; elapsed = 00:00:00 . Memory (MB): peak = 791.812 ; gain = 0.000
WARNING: [Constraints 18-5210] No constraints selected for write.
Resolution: This message can indicate that there are no constraints for the design, or it can indicate that the used_in flags are set such that the constraints are ignored. This later case is used when running synth_design to not write synthesis constraints to the resulting checkpoint. Instead, project constraints are read when the synthesized design is opened.
INFO: [Common 17-1381] The checkpoint 'C:/Users/ukero/OneDrive/Pulpit/2s1sem/moje/SDUP/fpga_project/oscillator/oscillator.runs/synth_1/top_system.dcp' has been generated.
INFO: [runtcl-4] Executing : report_utilization -file top_system_utilization_synth.rpt -pb top_system_utilization_synth.pb
INFO: [Common 17-206] Exiting Vivado at Tue May 19 13:10:21 2026...
